// Jest Snapshot v1, https://goo.gl/fbAQLP

exports[`LoginScreen snapshot renders component 1`] = `
<RCTScrollView
  automaticallyAdjustContentInsets={false}
  className="sc-bdVaJa bDWFJH"
  contentContainerStyle={
    Array [
      Object {
        "padding": undefined,
      },
      Object {
        "flex": 1,
        "justifyContent": "center",
      },
    ]
  }
  contentInset={
    Object {
      "bottom": 0,
    }
  }
  enableAutomaticScroll={true}
  enableOnAndroid={false}
  enableResetScrollToCoords={true}
  extraHeight={75}
  extraScrollHeight={0}
  getScrollResponder={[Function]}
  handleOnScroll={[Function]}
  keyboardDismissMode="interactive"
  keyboardOpeningTime={250}
  keyboardShouldPersistTaps="handled"
  keyboardSpace={0}
  onScroll={[Function]}
  resetKeyboardSpace={[Function]}
  resetScrollToCoords={
    Object {
      "x": 0,
      "y": 0,
    }
  }
  scrollEventThrottle={1}
  scrollForExtraHeightOnAndroid={[Function]}
  scrollIntoView={[Function]}
  scrollToEnd={[Function]}
  scrollToFocusedInput={[Function]}
  scrollToPosition={[Function]}
  showsVerticalScrollIndicator={true}
  style={
    Object {
      "backgroundColor": "transparent",
      "flex": 1,
    }
  }
  update={[Function]}
  viewIsInsideTabBar={false}
>
  <View>
    <View
      style={
        Array [
          Object {
            "alignItems": "center",
            "flex": 1,
            "justifyContent": "center",
          },
          undefined,
        ]
      }
    >
      <View
        animating={true}
        animationDuration={600}
        animationEasing={[Function]}
        color="#1db954"
        interaction={true}
        renderComponent={[Function]}
        style={
          Object {
            "height": 200,
            "width": 250,
          }
        }
      >
        <View
          style={
            Object {
              "height": 100,
              "left": 0,
              "position": "absolute",
              "top": 50,
              "transform": Array [
                Object {
                  "rotate": "0deg",
                },
              ],
              "width": 100,
            }
          }
        >
          <View
            collapsable={false}
            style={
              Object {
                "height": 50,
                "overflow": "hidden",
                "width": 100,
              }
            }
          >
            <View
              style={
                Object {
                  "backgroundColor": "#1db954",
                  "borderRadius": 50,
                  "height": 100,
                  "width": 100,
                }
              }
            />
          </View>
        </View>
        <View
          style={
            Object {
              "height": 100,
              "left": 0,
              "position": "absolute",
              "top": 50,
              "transform": Array [
                Object {
                  "rotate": "0deg",
                },
              ],
              "width": 100,
            }
          }
        >
          <View
            collapsable={false}
            style={
              Object {
                "height": 50,
                "overflow": "hidden",
                "top": 50,
                "width": 100,
              }
            }
          >
            <View
              style={
                Object {
                  "backgroundColor": "#1db954",
                  "borderRadius": 50,
                  "height": 100,
                  "top": -50,
                  "width": 100,
                }
              }
            />
          </View>
        </View>
        <View
          style={
            Object {
              "backgroundColor": "#1db954",
              "borderRadius": 12.5,
              "height": 25,
              "left": 112.5,
              "position": "absolute",
              "top": 87.5,
              "transform": Array [
                Object {
                  "translateX": 0,
                },
                Object {
                  "scale": 1,
                },
              ],
              "width": 25,
            }
          }
        />
        <View
          style={
            Object {
              "backgroundColor": "#1db954",
              "borderRadius": 12.5,
              "height": 25,
              "left": 162.5,
              "position": "absolute",
              "top": 87.5,
              "transform": Array [
                Object {
                  "translateX": 0,
                },
                Object {
                  "scale": 1,
                },
              ],
              "width": 25,
            }
          }
        />
        <View
          style={
            Object {
              "backgroundColor": "#1db954",
              "borderRadius": 12.5,
              "height": 25,
              "left": 212.5,
              "opacity": 0,
              "position": "absolute",
              "top": 87.5,
              "transform": Array [
                Object {
                  "translateX": 0,
                },
                Object {
                  "scale": 0,
                },
              ],
              "width": 25,
            }
          }
        />
      </View>
    </View>
  </View>
</RCTScrollView>
`;
