// Jest Snapshot v1, https://goo.gl/fbAQLP

exports[`LoginDivider snapshot renders component 1`] = `
<RCTScrollView
  automaticallyAdjustContentInsets={false}
  className="sc-bdVaJa gLzyJe"
  contentContainerStyle={
    Array [
      Object {
        "padding": undefined,
      },
      undefined,
    ]
  }
  contentInset={
    Object {
      "bottom": 0,
    }
  }
  enableAutomaticScroll={true}
  enableOnAndroid={false}
  enableResetScrollToCoords={true}
  extraHeight={75}
  extraScrollHeight={0}
  getScrollResponder={[Function]}
  handleOnScroll={[Function]}
  keyboardDismissMode="interactive"
  keyboardOpeningTime={250}
  keyboardShouldPersistTaps="handled"
  keyboardSpace={0}
  onScroll={[Function]}
  resetKeyboardSpace={[Function]}
  resetScrollToCoords={
    Object {
      "x": 0,
      "y": 0,
    }
  }
  scrollEventThrottle={1}
  scrollForExtraHeightOnAndroid={[Function]}
  scrollIntoView={[Function]}
  scrollToEnd={[Function]}
  scrollToFocusedInput={[Function]}
  scrollToPosition={[Function]}
  showsVerticalScrollIndicator={true}
  style={
    Object {
      "backgroundColor": "transparent",
      "flex": 1,
    }
  }
  update={[Function]}
  viewIsInsideTabBar={false}
>
  <View>
    <View
      style={
        Object {
          "alignItems": "center",
          "flexDirection": "row",
          "height": 24,
          "marginVertical": 6,
        }
      }
    >
      <View
        style={
          Array [
            Object {
              "borderBottomWidth": 1,
              "height": 24,
              "transform": Array [
                Object {
                  "translateY": -12,
                },
              ],
            },
            Object {
              "borderColor": "#dfe3ee",
            },
            false,
            Object {
              "flex": 1,
            },
          ]
        }
      />
      <Text
        style={
          Array [
            Object {
              "fontSize": 16,
              "fontWeight": "500",
              "paddingHorizontal": 24,
            },
            Object {
              "color": "rgba(0,0,0,.85)",
            },
          ]
        }
      >
        <Text
          className="sc-bwzfXH cwBKGu"
          style={
            Object {
              "color": "#000",
              "fontFamily": "System",
              "fontSize": 16,
            }
          }
          uppercase={false}
        >
          [missing "en.dividers.or" translation]
        </Text>
      </Text>
      <View
        style={
          Array [
            Object {
              "borderBottomWidth": 1,
              "height": 24,
              "transform": Array [
                Object {
                  "translateY": -12,
                },
              ],
            },
            Object {
              "borderColor": "#dfe3ee",
            },
            false,
            Object {
              "flex": 1,
            },
          ]
        }
      />
    </View>
  </View>
</RCTScrollView>
`;
