// Jest Snapshot v1, https://goo.gl/fbAQLP

exports[`RefreshVerificationButton snapshot renders component 1`] = `
<View
  className="sc-bdVaJa fOdhYM"
  style={
    Object {
      "flex": 1,
      "flexDirection": "row",
    }
  }
>
  <View
    accessible={true}
    focusable={true}
    isTVSelectable={true}
    onClick={[Function]}
    onResponderGrant={[Function]}
    onResponderMove={[Function]}
    onResponderRelease={[Function]}
    onResponderTerminate={[Function]}
    onResponderTerminationRequest={[Function]}
    onStartShouldSetResponder={[Function]}
    style={
      Object {
        "alignItems": "center",
        "backgroundColor": "#007aff",
        "borderBottomWidth": null,
        "borderColor": "#007aff",
        "borderLeftWidth": null,
        "borderRadius": 5,
        "borderRightWidth": null,
        "borderTopWidth": null,
        "borderWidth": undefined,
        "elevation": 2,
        "flexDirection": "row",
        "height": 45,
        "justifyContent": "space-between",
        "opacity": 1,
        "paddingBottom": 6,
        "paddingTop": 6,
        "shadowColor": undefined,
        "shadowOffset": undefined,
        "shadowOpacity": undefined,
        "shadowRadius": undefined,
      }
    }
  >
    <Text
      style={
        Array [
          Object {
            "backgroundColor": "transparent",
            "color": "#fff",
            "fontFamily": "System",
            "fontSize": 16.5,
            "marginLeft": 0,
            "marginRight": 0,
            "paddingLeft": 16,
            "paddingRight": 16,
          },
          Object {
            "fontSize": 17,
            "textAlign": "center",
          },
        ]
      }
      uppercase={false}
    >
      [missing "en.buttons.refreshVerificationStatus" translation]
    </Text>
  </View>
</View>
`;
