// Jest Snapshot v1, https://goo.gl/fbAQLP

exports[`ScansHistoryScreen snapshot renders component 1`] = `
<View
  style={
    Object {
      "backgroundColor": "#fff",
      "flex": 1,
      "height": 1334,
    }
  }
>
  <RCTScrollView
    automaticallyAdjustContentInsets={false}
    contentContainerStyle={
      Array [
        Object {
          "padding": undefined,
        },
        undefined,
      ]
    }
    contentInset={
      Object {
        "bottom": 0,
      }
    }
    enableAutomaticScroll={true}
    enableOnAndroid={false}
    enableResetScrollToCoords={true}
    extraHeight={75}
    extraScrollHeight={0}
    getScrollResponder={[Function]}
    handleOnScroll={[Function]}
    keyboardDismissMode="interactive"
    keyboardOpeningTime={250}
    keyboardShouldPersistTaps="handled"
    keyboardSpace={0}
    onScroll={[Function]}
    resetKeyboardSpace={[Function]}
    resetScrollToCoords={
      Object {
        "x": 0,
        "y": 0,
      }
    }
    scrollEventThrottle={1}
    scrollForExtraHeightOnAndroid={[Function]}
    scrollIntoView={[Function]}
    scrollToEnd={[Function]}
    scrollToFocusedInput={[Function]}
    scrollToPosition={[Function]}
    showsVerticalScrollIndicator={true}
    style={
      Object {
        "backgroundColor": "transparent",
        "flex": 1,
      }
    }
    update={[Function]}
    viewIsInsideTabBar={false}
  >
    <View />
  </RCTScrollView>
</View>
`;
