// Jest Snapshot v1, https://goo.gl/fbAQLP

exports[`Sidebar snapshot renders component 1`] = `
<RCTScrollView
  automaticallyAdjustContentInsets={false}
  className="sc-bwzfXH kWmsFi"
  contentContainerStyle={
    Array [
      Object {
        "padding": undefined,
      },
      Object {
        "paddingTop": 44,
      },
    ]
  }
  contentInset={
    Object {
      "bottom": 0,
    }
  }
  enableAutomaticScroll={true}
  enableOnAndroid={false}
  enableResetScrollToCoords={true}
  extraHeight={75}
  extraScrollHeight={0}
  getScrollResponder={[Function]}
  handleOnScroll={[Function]}
  keyboardDismissMode="interactive"
  keyboardOpeningTime={250}
  keyboardShouldPersistTaps="handled"
  keyboardSpace={0}
  onScroll={[Function]}
  resetKeyboardSpace={[Function]}
  resetScrollToCoords={
    Object {
      "x": 0,
      "y": 0,
    }
  }
  scrollEventThrottle={1}
  scrollForExtraHeightOnAndroid={[Function]}
  scrollIntoView={[Function]}
  scrollToEnd={[Function]}
  scrollToFocusedInput={[Function]}
  scrollToPosition={[Function]}
  showsVerticalScrollIndicator={true}
  style={
    Array [
      Object {
        "backgroundColor": "transparent",
        "flex": 1,
      },
      Object {
        "backgroundColor": "#FFFFFF",
      },
    ]
  }
  update={[Function]}
  viewIsInsideTabBar={false}
>
  <View>
    <RCTScrollView
      automaticallyAdjustContentInsets={false}
      contentContainerStyle={
        Array [
          Object {
            "padding": undefined,
          },
          undefined,
        ]
      }
      contentInset={
        Object {
          "bottom": 0,
        }
      }
      enableAutomaticScroll={true}
      enableOnAndroid={false}
      enableResetScrollToCoords={true}
      extraHeight={75}
      extraScrollHeight={0}
      getScrollResponder={[Function]}
      handleOnScroll={[Function]}
      keyboardDismissMode="interactive"
      keyboardOpeningTime={250}
      keyboardShouldPersistTaps="handled"
      keyboardSpace={0}
      onScroll={[Function]}
      resetKeyboardSpace={[Function]}
      resetScrollToCoords={
        Object {
          "x": 0,
          "y": 0,
        }
      }
      scrollEventThrottle={1}
      scrollForExtraHeightOnAndroid={[Function]}
      scrollIntoView={[Function]}
      scrollToEnd={[Function]}
      scrollToFocusedInput={[Function]}
      scrollToPosition={[Function]}
      showsVerticalScrollIndicator={true}
      style={
        Object {
          "backgroundColor": "transparent",
          "flex": 1,
        }
      }
      update={[Function]}
      viewIsInsideTabBar={false}
    >
      <View>
        <View
          accessible={true}
          focusable={true}
          isTVSelectable={true}
          onClick={[Function]}
          onResponderGrant={[Function]}
          onResponderMove={[Function]}
          onResponderRelease={[Function]}
          onResponderTerminate={[Function]}
          onResponderTerminationRequest={[Function]}
          onStartShouldSetResponder={[Function]}
          style={null}
        >
          <View
            style={
              Object {
                "alignItems": "center",
                "backgroundColor": "white",
                "borderColor": "#bcbbc1",
                "flexDirection": "row",
                "padding": 14,
              }
            }
          >
            <View>
              <View
                style={
                  Object {
                    "alignItems": "center",
                    "backgroundColor": "transparent",
                    "justifyContent": "center",
                  }
                }
                theme={
                  Object {
                    "colors": Object {
                      "disabled": "hsl(208, 8%, 90%)",
                      "divider": "#bcbbc1",
                      "error": "#ff190c",
                      "grey0": "#393e42",
                      "grey1": "#43484d",
                      "grey2": "#5e6977",
                      "grey3": "#86939e",
                      "grey4": "#bdc6cf",
                      "grey5": "#e1e8ee",
                      "greyOutline": "#bbb",
                      "platform": Object {
                        "android": Object {
                          "error": "#f44336",
                          "primary": "#2196f3",
                          "secondary": "#9C27B0",
                          "success": "#4caf50",
                          "warning": "#ffeb3b",
                        },
                        "ios": Object {
                          "error": "#ff3b30",
                          "primary": "#007aff",
                          "secondary": "#5856d6",
                          "success": "#4cd964",
                          "warning": "#ffcc00",
                        },
                      },
                      "primary": "#2089dc",
                      "searchBg": "#303337",
                      "secondary": "#8F0CE8",
                      "success": "#52c41a",
                      "warning": "#faad14",
                    },
                  }
                }
                underlayColor="white"
              >
                <Text />
              </View>
            </View>
            <View
              width={16}
            />
            <View
              style={
                Object {
                  "flex": 1,
                  "justifyContent": "center",
                }
              }
            >
              <Text
                style={
                  Object {
                    "backgroundColor": "transparent",
                    "fontSize": 17,
                  }
                }
                testID="listItemTitle"
                theme={
                  Object {
                    "colors": Object {
                      "disabled": "hsl(208, 8%, 90%)",
                      "divider": "#bcbbc1",
                      "error": "#ff190c",
                      "grey0": "#393e42",
                      "grey1": "#43484d",
                      "grey2": "#5e6977",
                      "grey3": "#86939e",
                      "grey4": "#bdc6cf",
                      "grey5": "#e1e8ee",
                      "greyOutline": "#bbb",
                      "platform": Object {
                        "android": Object {
                          "error": "#f44336",
                          "primary": "#2196f3",
                          "secondary": "#9C27B0",
                          "success": "#4caf50",
                          "warning": "#ffeb3b",
                        },
                        "ios": Object {
                          "error": "#ff3b30",
                          "primary": "#007aff",
                          "secondary": "#5856d6",
                          "success": "#4cd964",
                          "warning": "#ffcc00",
                        },
                      },
                      "primary": "#2089dc",
                      "searchBg": "#303337",
                      "secondary": "#8F0CE8",
                      "success": "#52c41a",
                      "warning": "#faad14",
                    },
                  }
                }
              >
                My Account
              </Text>
            </View>
          </View>
        </View>
        <View
          accessible={true}
          focusable={true}
          isTVSelectable={true}
          onClick={[Function]}
          onResponderGrant={[Function]}
          onResponderMove={[Function]}
          onResponderRelease={[Function]}
          onResponderTerminate={[Function]}
          onResponderTerminationRequest={[Function]}
          onStartShouldSetResponder={[Function]}
          style={null}
        >
          <View
            style={
              Object {
                "alignItems": "center",
                "backgroundColor": "white",
                "borderColor": "#bcbbc1",
                "flexDirection": "row",
                "padding": 14,
              }
            }
          >
            <View>
              <View
                style={
                  Object {
                    "alignItems": "center",
                    "backgroundColor": "transparent",
                    "justifyContent": "center",
                  }
                }
                theme={
                  Object {
                    "colors": Object {
                      "disabled": "hsl(208, 8%, 90%)",
                      "divider": "#bcbbc1",
                      "error": "#ff190c",
                      "grey0": "#393e42",
                      "grey1": "#43484d",
                      "grey2": "#5e6977",
                      "grey3": "#86939e",
                      "grey4": "#bdc6cf",
                      "grey5": "#e1e8ee",
                      "greyOutline": "#bbb",
                      "platform": Object {
                        "android": Object {
                          "error": "#f44336",
                          "primary": "#2196f3",
                          "secondary": "#9C27B0",
                          "success": "#4caf50",
                          "warning": "#ffeb3b",
                        },
                        "ios": Object {
                          "error": "#ff3b30",
                          "primary": "#007aff",
                          "secondary": "#5856d6",
                          "success": "#4cd964",
                          "warning": "#ffcc00",
                        },
                      },
                      "primary": "#2089dc",
                      "searchBg": "#303337",
                      "secondary": "#8F0CE8",
                      "success": "#52c41a",
                      "warning": "#faad14",
                    },
                  }
                }
                underlayColor="white"
              >
                <Text />
              </View>
            </View>
            <View
              width={16}
            />
            <View
              style={
                Object {
                  "flex": 1,
                  "justifyContent": "center",
                }
              }
            >
              <Text
                style={
                  Object {
                    "backgroundColor": "transparent",
                    "fontSize": 17,
                  }
                }
                testID="listItemTitle"
                theme={
                  Object {
                    "colors": Object {
                      "disabled": "hsl(208, 8%, 90%)",
                      "divider": "#bcbbc1",
                      "error": "#ff190c",
                      "grey0": "#393e42",
                      "grey1": "#43484d",
                      "grey2": "#5e6977",
                      "grey3": "#86939e",
                      "grey4": "#bdc6cf",
                      "grey5": "#e1e8ee",
                      "greyOutline": "#bbb",
                      "platform": Object {
                        "android": Object {
                          "error": "#f44336",
                          "primary": "#2196f3",
                          "secondary": "#9C27B0",
                          "success": "#4caf50",
                          "warning": "#ffeb3b",
                        },
                        "ios": Object {
                          "error": "#ff3b30",
                          "primary": "#007aff",
                          "secondary": "#5856d6",
                          "success": "#4cd964",
                          "warning": "#ffcc00",
                        },
                      },
                      "primary": "#2089dc",
                      "searchBg": "#303337",
                      "secondary": "#8F0CE8",
                      "success": "#52c41a",
                      "warning": "#faad14",
                    },
                  }
                }
              >
                All Substances
              </Text>
            </View>
          </View>
        </View>
        <View
          accessible={true}
          focusable={true}
          isTVSelectable={true}
          onClick={[Function]}
          onResponderGrant={[Function]}
          onResponderMove={[Function]}
          onResponderRelease={[Function]}
          onResponderTerminate={[Function]}
          onResponderTerminationRequest={[Function]}
          onStartShouldSetResponder={[Function]}
          style={null}
        >
          <View
            style={
              Object {
                "alignItems": "center",
                "backgroundColor": "white",
                "borderColor": "#bcbbc1",
                "flexDirection": "row",
                "padding": 14,
              }
            }
          >
            <View>
              <View
                style={
                  Object {
                    "alignItems": "center",
                    "backgroundColor": "transparent",
                    "justifyContent": "center",
                  }
                }
                theme={
                  Object {
                    "colors": Object {
                      "disabled": "hsl(208, 8%, 90%)",
                      "divider": "#bcbbc1",
                      "error": "#ff190c",
                      "grey0": "#393e42",
                      "grey1": "#43484d",
                      "grey2": "#5e6977",
                      "grey3": "#86939e",
                      "grey4": "#bdc6cf",
                      "grey5": "#e1e8ee",
                      "greyOutline": "#bbb",
                      "platform": Object {
                        "android": Object {
                          "error": "#f44336",
                          "primary": "#2196f3",
                          "secondary": "#9C27B0",
                          "success": "#4caf50",
                          "warning": "#ffeb3b",
                        },
                        "ios": Object {
                          "error": "#ff3b30",
                          "primary": "#007aff",
                          "secondary": "#5856d6",
                          "success": "#4cd964",
                          "warning": "#ffcc00",
                        },
                      },
                      "primary": "#2089dc",
                      "searchBg": "#303337",
                      "secondary": "#8F0CE8",
                      "success": "#52c41a",
                      "warning": "#faad14",
                    },
                  }
                }
                underlayColor="white"
              >
                <Text />
              </View>
            </View>
            <View
              width={16}
            />
            <View
              style={
                Object {
                  "flex": 1,
                  "justifyContent": "center",
                }
              }
            >
              <Text
                style={
                  Object {
                    "backgroundColor": "transparent",
                    "fontSize": 17,
                  }
                }
                testID="listItemTitle"
                theme={
                  Object {
                    "colors": Object {
                      "disabled": "hsl(208, 8%, 90%)",
                      "divider": "#bcbbc1",
                      "error": "#ff190c",
                      "grey0": "#393e42",
                      "grey1": "#43484d",
                      "grey2": "#5e6977",
                      "grey3": "#86939e",
                      "grey4": "#bdc6cf",
                      "grey5": "#e1e8ee",
                      "greyOutline": "#bbb",
                      "platform": Object {
                        "android": Object {
                          "error": "#f44336",
                          "primary": "#2196f3",
                          "secondary": "#9C27B0",
                          "success": "#4caf50",
                          "warning": "#ffeb3b",
                        },
                        "ios": Object {
                          "error": "#ff3b30",
                          "primary": "#007aff",
                          "secondary": "#5856d6",
                          "success": "#4cd964",
                          "warning": "#ffcc00",
                        },
                      },
                      "primary": "#2089dc",
                      "searchBg": "#303337",
                      "secondary": "#8F0CE8",
                      "success": "#52c41a",
                      "warning": "#faad14",
                    },
                  }
                }
              >
                Scans History
              </Text>
            </View>
          </View>
        </View>
        <View
          accessible={true}
          focusable={true}
          isTVSelectable={true}
          onClick={[Function]}
          onResponderGrant={[Function]}
          onResponderMove={[Function]}
          onResponderRelease={[Function]}
          onResponderTerminate={[Function]}
          onResponderTerminationRequest={[Function]}
          onStartShouldSetResponder={[Function]}
          style={null}
        >
          <View
            style={
              Object {
                "alignItems": "center",
                "backgroundColor": "white",
                "borderColor": "#bcbbc1",
                "flexDirection": "row",
                "padding": 14,
              }
            }
          >
            <View>
              <View
                style={
                  Object {
                    "alignItems": "center",
                    "backgroundColor": "transparent",
                    "justifyContent": "center",
                  }
                }
                theme={
                  Object {
                    "colors": Object {
                      "disabled": "hsl(208, 8%, 90%)",
                      "divider": "#bcbbc1",
                      "error": "#ff190c",
                      "grey0": "#393e42",
                      "grey1": "#43484d",
                      "grey2": "#5e6977",
                      "grey3": "#86939e",
                      "grey4": "#bdc6cf",
                      "grey5": "#e1e8ee",
                      "greyOutline": "#bbb",
                      "platform": Object {
                        "android": Object {
                          "error": "#f44336",
                          "primary": "#2196f3",
                          "secondary": "#9C27B0",
                          "success": "#4caf50",
                          "warning": "#ffeb3b",
                        },
                        "ios": Object {
                          "error": "#ff3b30",
                          "primary": "#007aff",
                          "secondary": "#5856d6",
                          "success": "#4cd964",
                          "warning": "#ffcc00",
                        },
                      },
                      "primary": "#2089dc",
                      "searchBg": "#303337",
                      "secondary": "#8F0CE8",
                      "success": "#52c41a",
                      "warning": "#faad14",
                    },
                  }
                }
                underlayColor="white"
              >
                <Text />
              </View>
            </View>
            <View
              width={16}
            />
            <View
              style={
                Object {
                  "flex": 1,
                  "justifyContent": "center",
                }
              }
            >
              <Text
                style={
                  Object {
                    "backgroundColor": "transparent",
                    "fontSize": 17,
                  }
                }
                testID="listItemTitle"
                theme={
                  Object {
                    "colors": Object {
                      "disabled": "hsl(208, 8%, 90%)",
                      "divider": "#bcbbc1",
                      "error": "#ff190c",
                      "grey0": "#393e42",
                      "grey1": "#43484d",
                      "grey2": "#5e6977",
                      "grey3": "#86939e",
                      "grey4": "#bdc6cf",
                      "grey5": "#e1e8ee",
                      "greyOutline": "#bbb",
                      "platform": Object {
                        "android": Object {
                          "error": "#f44336",
                          "primary": "#2196f3",
                          "secondary": "#9C27B0",
                          "success": "#4caf50",
                          "warning": "#ffeb3b",
                        },
                        "ios": Object {
                          "error": "#ff3b30",
                          "primary": "#007aff",
                          "secondary": "#5856d6",
                          "success": "#4cd964",
                          "warning": "#ffcc00",
                        },
                      },
                      "primary": "#2089dc",
                      "searchBg": "#303337",
                      "secondary": "#8F0CE8",
                      "success": "#52c41a",
                      "warning": "#faad14",
                    },
                  }
                }
              >
                Logout
              </Text>
            </View>
          </View>
        </View>
      </View>
    </RCTScrollView>
  </View>
</RCTScrollView>
`;
