// Jest Snapshot v1, https://goo.gl/fbAQLP

exports[`SubstanceInformation snapshot renders component 1`] = `
<RCTScrollView
  automaticallyAdjustContentInsets={false}
  className="sc-htpNat KtFsv"
  contentContainerStyle={
    Array [
      Object {
        "padding": undefined,
      },
      Object {
        "alignItems": "center",
        "display": "flex",
        "flexDirection": "column",
        "justifyContent": "center",
        "paddingTop": "10%",
      },
    ]
  }
  contentInset={
    Object {
      "bottom": 0,
    }
  }
  enableAutomaticScroll={true}
  enableOnAndroid={false}
  enableResetScrollToCoords={true}
  extraHeight={75}
  extraScrollHeight={0}
  getScrollResponder={[Function]}
  handleOnScroll={[Function]}
  keyboardDismissMode="interactive"
  keyboardOpeningTime={250}
  keyboardShouldPersistTaps="handled"
  keyboardSpace={0}
  onScroll={[Function]}
  resetKeyboardSpace={[Function]}
  resetScrollToCoords={
    Object {
      "x": 0,
      "y": 0,
    }
  }
  scrollEventThrottle={1}
  scrollForExtraHeightOnAndroid={[Function]}
  scrollIntoView={[Function]}
  scrollToEnd={[Function]}
  scrollToFocusedInput={[Function]}
  scrollToPosition={[Function]}
  showsVerticalScrollIndicator={true}
  style={
    Object {
      "backgroundColor": "transparent",
      "flex": 1,
    }
  }
  update={[Function]}
  viewIsInsideTabBar={false}
>
  <View>
    <Text
      className="sc-bxivhb czhwhJ"
      style={
        Object {
          "color": "#000",
          "fontFamily": "System",
          "fontSize": 16,
        }
      }
      uppercase={false}
    >
      [missing "en.labels.name" translation]
    </Text>
    <Text
      style={
        Object {
          "color": "#000",
          "fontFamily": "System",
          "fontSize": 16,
        }
      }
      uppercase={false}
    />
    <RCTScrollView
      automaticallyAdjustContentInsets={false}
      className="sc-gzVnrw ibZhkv"
      contentContainerStyle={
        Array [
          Object {
            "padding": undefined,
          },
          Object {
            "alignItems": "center",
            "display": "flex",
            "flexDirection": "row",
            "justifyContent": "center",
          },
        ]
      }
      contentInset={
        Object {
          "bottom": 0,
        }
      }
      enableAutomaticScroll={true}
      enableOnAndroid={false}
      enableResetScrollToCoords={true}
      extraHeight={75}
      extraScrollHeight={0}
      getScrollResponder={[Function]}
      handleOnScroll={[Function]}
      keyboardDismissMode="interactive"
      keyboardOpeningTime={250}
      keyboardShouldPersistTaps="handled"
      keyboardSpace={0}
      onScroll={[Function]}
      resetKeyboardSpace={[Function]}
      resetScrollToCoords={
        Object {
          "x": 0,
          "y": 0,
        }
      }
      scrollEventThrottle={1}
      scrollForExtraHeightOnAndroid={[Function]}
      scrollIntoView={[Function]}
      scrollToEnd={[Function]}
      scrollToFocusedInput={[Function]}
      scrollToPosition={[Function]}
      showsVerticalScrollIndicator={true}
      style={
        Object {
          "backgroundColor": "transparent",
          "flex": 1,
        }
      }
      update={[Function]}
      viewIsInsideTabBar={false}
    >
      <View>
        <Text
          className="sc-dnqmqq jalEwm"
          color="#00FF00"
          style={
            Object {
              "color": "#000",
              "fontFamily": "System",
              "fontSize": 16,
            }
          }
          uppercase={false}
        >
          NaN
        </Text>
        <Text
          className="sc-htoDjs jtcSTs"
          style={
            Object {
              "color": "#000",
              "fontFamily": "System",
              "fontSize": 16,
            }
          }
          uppercase={false}
        >
          üòÅ
        </Text>
      </View>
    </RCTScrollView>
    <Text
      className="sc-iwsKbI jOpSwg"
      color="#00FF00"
      style={
        Object {
          "color": "#000",
          "fontFamily": "System",
          "fontSize": 16,
        }
      }
      uppercase={false}
    >
      [missing "en.healthImpactLabels.veryGood" translation]
    </Text>
  </View>
</RCTScrollView>
`;
